// Jest Snapshot v1, https://goo.gl/fbAQLP

exports[`ErrorBoundary component render ErrorBoundary component correctly 1`] = `""`;
